// Vitest Snapshot v1, https://vitest.dev/guide/snapshot.html

exports[`stash-it class > because adapter is passed to hook handlers > should not be possible to alter it (plugins could try to do it) 1`] = `[TypeError: Cannot assign to read only property 'getItem' of object '#<Object>']`;
